// Jest Snapshot v1, https://goo.gl/fbAQLP

exports[`<ProfileOptions/> Should render without errors 1`] = `
Object {
  "asFragment": [Function],
  "baseElement": <body>
    <div>
      <div
        class="sc-pVTFL gimsrJ"
        data-testid="profile_options__page-header-wrapper"
      >
        <div
          class="sc-jrQzAO drTyJf"
        >
          <div>
            <input
              class="sc-gsDKAQ sc-crHmcD dEgDrl jpTvIL"
              data-testid="profile_props__profile-name"
              type="text"
              value="Sound Board"
            />
            <select
              class="sc-dkPtRN sc-egiyK iRRDCl cJCtnJ"
              data-testid="profile_props__button-pads"
            >
              <option
                value="6"
              >
                Button Pads: 6
              </option>
              <option
                value="8"
              >
                Button Pads: 8
              </option>
              <option
                value="12"
              >
                Button Pads: 12
              </option>
              <option
                value="15"
              >
                Button Pads: 15
              </option>
              <option
                value="24"
              >
                Button Pads: 24
              </option>
              <option
                value="32"
              >
                Button Pads: 32
              </option>
            </select>
            <button
              class="sc-hKwDye sc-bqiRlB PLLBx gWpitq"
              data-testid="profile_props__submit"
            >
              Submit
            </button>
          </div>
          <div>
            
            <button
              class="sc-hKwDye sc-gKclnd PLLBx iQnRQN"
            >
              New Page
            </button>
            <select
              class="sc-dkPtRN sc-jRQBWg iRRDCl jxmNFY"
              data-testid="page_select__select"
            />
          </div>
        </div>
        <div
          class="sc-kDTinF kazFxB"
        >
          <div
            class="sc-iqseJM jhonZT"
          >
            Settings
          </div>
        </div>
      </div>
    </div>
  </body>,
  "container": <div>
    <div
      class="sc-pVTFL gimsrJ"
      data-testid="profile_options__page-header-wrapper"
    >
      <div
        class="sc-jrQzAO drTyJf"
      >
        <div>
          <input
            class="sc-gsDKAQ sc-crHmcD dEgDrl jpTvIL"
            data-testid="profile_props__profile-name"
            type="text"
            value="Sound Board"
          />
          <select
            class="sc-dkPtRN sc-egiyK iRRDCl cJCtnJ"
            data-testid="profile_props__button-pads"
          >
            <option
              value="6"
            >
              Button Pads: 6
            </option>
            <option
              value="8"
            >
              Button Pads: 8
            </option>
            <option
              value="12"
            >
              Button Pads: 12
            </option>
            <option
              value="15"
            >
              Button Pads: 15
            </option>
            <option
              value="24"
            >
              Button Pads: 24
            </option>
            <option
              value="32"
            >
              Button Pads: 32
            </option>
          </select>
          <button
            class="sc-hKwDye sc-bqiRlB PLLBx gWpitq"
            data-testid="profile_props__submit"
          >
            Submit
          </button>
        </div>
        <div>
          
          <button
            class="sc-hKwDye sc-gKclnd PLLBx iQnRQN"
          >
            New Page
          </button>
          <select
            class="sc-dkPtRN sc-jRQBWg iRRDCl jxmNFY"
            data-testid="page_select__select"
          />
        </div>
      </div>
      <div
        class="sc-kDTinF kazFxB"
      >
        <div
          class="sc-iqseJM jhonZT"
        >
          Settings
        </div>
      </div>
    </div>
  </div>,
  "debug": [Function],
  "findAllByAltText": [Function],
  "findAllByDisplayValue": [Function],
  "findAllByLabelText": [Function],
  "findAllByPlaceholderText": [Function],
  "findAllByRole": [Function],
  "findAllByTestId": [Function],
  "findAllByText": [Function],
  "findAllByTitle": [Function],
  "findByAltText": [Function],
  "findByDisplayValue": [Function],
  "findByLabelText": [Function],
  "findByPlaceholderText": [Function],
  "findByRole": [Function],
  "findByTestId": [Function],
  "findByText": [Function],
  "findByTitle": [Function],
  "getAllByAltText": [Function],
  "getAllByDisplayValue": [Function],
  "getAllByLabelText": [Function],
  "getAllByPlaceholderText": [Function],
  "getAllByRole": [Function],
  "getAllByTestId": [Function],
  "getAllByText": [Function],
  "getAllByTitle": [Function],
  "getByAltText": [Function],
  "getByDisplayValue": [Function],
  "getByLabelText": [Function],
  "getByPlaceholderText": [Function],
  "getByRole": [Function],
  "getByTestId": [Function],
  "getByText": [Function],
  "getByTitle": [Function],
  "queryAllByAltText": [Function],
  "queryAllByDisplayValue": [Function],
  "queryAllByLabelText": [Function],
  "queryAllByPlaceholderText": [Function],
  "queryAllByRole": [Function],
  "queryAllByTestId": [Function],
  "queryAllByText": [Function],
  "queryAllByTitle": [Function],
  "queryByAltText": [Function],
  "queryByDisplayValue": [Function],
  "queryByLabelText": [Function],
  "queryByPlaceholderText": [Function],
  "queryByRole": [Function],
  "queryByTestId": [Function],
  "queryByText": [Function],
  "queryByTitle": [Function],
  "rerender": [Function],
  "unmount": [Function],
}
`;
