// Jest Snapshot v1, https://goo.gl/fbAQLP

exports[`<ActionList/> Should render without errors 1`] = `
Object {
  "asFragment": [Function],
  "baseElement": <body>
    <div>
      <div
        class="sc-jRQBWg fxxBMb"
      >
        <div
          class="sc-eCImPb sc-gKclnd kFGBBw dkZvxI"
        >
          <ul>
            <li
              class="sc-iCfMLu bbPBDp"
              data-testid="action-list__action-item-activate"
            >
              <div
                class="sc-furwcr gOsykF"
              >
                <div>
                  obs
                </div>
                <div>
                   | 
                </div>
                <div
                  data-testid="sub-action-parser__text"
                >
                  OBS Stream Toggle
                </div>
              </div>
              <button
                class="sc-hKwDye sc-pVTFL PLLBx jwZTjl"
                data-testid="action-list__action-item-delete"
              >
                <svg
                  aria-hidden="true"
                  class="MuiSvgIcon-root MuiSvgIcon-fontSizeInherit"
                  focusable="false"
                  viewBox="0 0 24 24"
                >
                  <path
                    d="M6 19c0 1.1.9 2 2 2h8c1.1 0 2-.9 2-2V7H6v12zM19 4h-3.5l-1-1h-5l-1 1H5v2h14V4z"
                  />
                </svg>
              </button>
            </li>
          </ul>
        </div>
      </div>
      <button
        class="sc-hKwDye sc-jrQzAO PLLBx udMZG"
        data-testid="action-list__action-item-new"
        disabled=""
      >
        New Action
      </button>
    </div>
  </body>,
  "container": <div>
    <div
      class="sc-jRQBWg fxxBMb"
    >
      <div
        class="sc-eCImPb sc-gKclnd kFGBBw dkZvxI"
      >
        <ul>
          <li
            class="sc-iCfMLu bbPBDp"
            data-testid="action-list__action-item-activate"
          >
            <div
              class="sc-furwcr gOsykF"
            >
              <div>
                obs
              </div>
              <div>
                 | 
              </div>
              <div
                data-testid="sub-action-parser__text"
              >
                OBS Stream Toggle
              </div>
            </div>
            <button
              class="sc-hKwDye sc-pVTFL PLLBx jwZTjl"
              data-testid="action-list__action-item-delete"
            >
              <svg
                aria-hidden="true"
                class="MuiSvgIcon-root MuiSvgIcon-fontSizeInherit"
                focusable="false"
                viewBox="0 0 24 24"
              >
                <path
                  d="M6 19c0 1.1.9 2 2 2h8c1.1 0 2-.9 2-2V7H6v12zM19 4h-3.5l-1-1h-5l-1 1H5v2h14V4z"
                />
              </svg>
            </button>
          </li>
        </ul>
      </div>
    </div>
    <button
      class="sc-hKwDye sc-jrQzAO PLLBx udMZG"
      data-testid="action-list__action-item-new"
      disabled=""
    >
      New Action
    </button>
  </div>,
  "debug": [Function],
  "findAllByAltText": [Function],
  "findAllByDisplayValue": [Function],
  "findAllByLabelText": [Function],
  "findAllByPlaceholderText": [Function],
  "findAllByRole": [Function],
  "findAllByTestId": [Function],
  "findAllByText": [Function],
  "findAllByTitle": [Function],
  "findByAltText": [Function],
  "findByDisplayValue": [Function],
  "findByLabelText": [Function],
  "findByPlaceholderText": [Function],
  "findByRole": [Function],
  "findByTestId": [Function],
  "findByText": [Function],
  "findByTitle": [Function],
  "getAllByAltText": [Function],
  "getAllByDisplayValue": [Function],
  "getAllByLabelText": [Function],
  "getAllByPlaceholderText": [Function],
  "getAllByRole": [Function],
  "getAllByTestId": [Function],
  "getAllByText": [Function],
  "getAllByTitle": [Function],
  "getByAltText": [Function],
  "getByDisplayValue": [Function],
  "getByLabelText": [Function],
  "getByPlaceholderText": [Function],
  "getByRole": [Function],
  "getByTestId": [Function],
  "getByText": [Function],
  "getByTitle": [Function],
  "queryAllByAltText": [Function],
  "queryAllByDisplayValue": [Function],
  "queryAllByLabelText": [Function],
  "queryAllByPlaceholderText": [Function],
  "queryAllByRole": [Function],
  "queryAllByTestId": [Function],
  "queryAllByText": [Function],
  "queryAllByTitle": [Function],
  "queryByAltText": [Function],
  "queryByDisplayValue": [Function],
  "queryByLabelText": [Function],
  "queryByPlaceholderText": [Function],
  "queryByRole": [Function],
  "queryByTestId": [Function],
  "queryByText": [Function],
  "queryByTitle": [Function],
  "rerender": [Function],
  "unmount": [Function],
}
`;
