// Jest Snapshot v1, https://goo.gl/fbAQLP

exports[`<FormFieldSelect/> Should render without errors 1`] = `
Object {
  "asFragment": [Function],
  "baseElement": <body>
    <div>
      <div>
        <label
          data-testid="form_field_selectField__label"
          for="md"
        >
          Md
          :
        </label>
        <select
          class="sc-dkPtRN iRRDCl"
          data-testid="form_field_selectField__input"
          name="subAction"
        >
          <option
            data-testid="form_field_selectField__option-choose"
            value=""
          >
            Choose
          </option>
          <option
            data-testid="form_field_selectField__option"
            value="mdHome"
          >
            mdHome
          </option>
          <option
            data-testid="form_field_selectField__option"
            value="mdPage"
          >
            mdPage
          </option>
          <option
            data-testid="form_field_selectField__option"
            value="mdProfile"
          >
            mdProfile
          </option>
          <option
            data-testid="form_field_selectField__option"
            value="mdProfileSelector"
          >
            mdProfileSelector
          </option>
          <option
            data-testid="form_field_selectField__option"
            value="mdReset"
          >
            mdReset
          </option>
          <option
            data-testid="form_field_selectField__option"
            value="mdSettings"
          >
            mdSettings
          </option>
        </select>
      </div>
    </div>
    <div>
      <div>
        <label
          data-testid="form_field_selectField__label"
          for="md"
        >
          Md
          :
        </label>
        <select
          class="sc-dkPtRN iRRDCl"
          data-testid="form_field_selectField__input"
          name="subAction"
        >
          <option
            data-testid="form_field_selectField__option-choose"
            value=""
          >
            Choose
          </option>
          <option
            data-testid="form_field_selectField__option"
            value="mdHome"
          >
            mdHome
          </option>
          <option
            data-testid="form_field_selectField__option"
            value="mdPage"
          >
            mdPage
          </option>
          <option
            data-testid="form_field_selectField__option"
            value="mdProfile"
          >
            mdProfile
          </option>
          <option
            data-testid="form_field_selectField__option"
            value="mdProfileSelector"
          >
            mdProfileSelector
          </option>
          <option
            data-testid="form_field_selectField__option"
            value="mdReset"
          >
            mdReset
          </option>
          <option
            data-testid="form_field_selectField__option"
            value="mdSettings"
          >
            mdSettings
          </option>
        </select>
      </div>
    </div>
  </body>,
  "container": <div>
    <div>
      <label
        data-testid="form_field_selectField__label"
        for="md"
      >
        Md
        :
      </label>
      <select
        class="sc-dkPtRN iRRDCl"
        data-testid="form_field_selectField__input"
        name="subAction"
      >
        <option
          data-testid="form_field_selectField__option-choose"
          value=""
        >
          Choose
        </option>
        <option
          data-testid="form_field_selectField__option"
          value="mdHome"
        >
          mdHome
        </option>
        <option
          data-testid="form_field_selectField__option"
          value="mdPage"
        >
          mdPage
        </option>
        <option
          data-testid="form_field_selectField__option"
          value="mdProfile"
        >
          mdProfile
        </option>
        <option
          data-testid="form_field_selectField__option"
          value="mdProfileSelector"
        >
          mdProfileSelector
        </option>
        <option
          data-testid="form_field_selectField__option"
          value="mdReset"
        >
          mdReset
        </option>
        <option
          data-testid="form_field_selectField__option"
          value="mdSettings"
        >
          mdSettings
        </option>
      </select>
    </div>
  </div>,
  "debug": [Function],
  "findAllByAltText": [Function],
  "findAllByDisplayValue": [Function],
  "findAllByLabelText": [Function],
  "findAllByPlaceholderText": [Function],
  "findAllByRole": [Function],
  "findAllByTestId": [Function],
  "findAllByText": [Function],
  "findAllByTitle": [Function],
  "findByAltText": [Function],
  "findByDisplayValue": [Function],
  "findByLabelText": [Function],
  "findByPlaceholderText": [Function],
  "findByRole": [Function],
  "findByTestId": [Function],
  "findByText": [Function],
  "findByTitle": [Function],
  "getAllByAltText": [Function],
  "getAllByDisplayValue": [Function],
  "getAllByLabelText": [Function],
  "getAllByPlaceholderText": [Function],
  "getAllByRole": [Function],
  "getAllByTestId": [Function],
  "getAllByText": [Function],
  "getAllByTitle": [Function],
  "getByAltText": [Function],
  "getByDisplayValue": [Function],
  "getByLabelText": [Function],
  "getByPlaceholderText": [Function],
  "getByRole": [Function],
  "getByTestId": [Function],
  "getByText": [Function],
  "getByTitle": [Function],
  "queryAllByAltText": [Function],
  "queryAllByDisplayValue": [Function],
  "queryAllByLabelText": [Function],
  "queryAllByPlaceholderText": [Function],
  "queryAllByRole": [Function],
  "queryAllByTestId": [Function],
  "queryAllByText": [Function],
  "queryAllByTitle": [Function],
  "queryByAltText": [Function],
  "queryByDisplayValue": [Function],
  "queryByLabelText": [Function],
  "queryByPlaceholderText": [Function],
  "queryByRole": [Function],
  "queryByTestId": [Function],
  "queryByText": [Function],
  "queryByTitle": [Function],
  "rerender": [Function],
  "unmount": [Function],
}
`;
